Windows PowerShell
Copyright (C) Microsoft Corporation. All rights reserved.

Install the latest PowerShell for new features and improvements! https://aka.ms/PSWindows

PS C:\Users\Administrator> git --version
git version 2.51.0.windows.1
PS C:\Users\Administrator> git config --global user.name "hana"
PS C:\Users\Administrator> git config --global user.email "ajithkumarofficialracing@gmail.com"
PS C:\Users\Administrator> git config --listcd C:\Users\Administrator\number-guess
error: unknown option `listcd'
usage: git config list [<file-option>] [<display-option>] [--includes]
   or: git config get [<file-option>] [<display-option>] [--includes] [--all] [--regexp] [--value=<pattern>] [--fixed-value] [--default=<default>] [--url=<url>] <name>
   or: git config set [<file-option>] [--type=<type>] [--all] [--value=<pattern>] [--fixed-value] <name> <value>
   or: git config unset [<file-option>] [--all] [--value=<pattern>] [--fixed-value] <name>
   or: git config rename-section [<file-option>] <old-name> <new-name>
   or: git config remove-section [<file-option>] <name>
   or: git config edit [<file-option>]
   or: git config [<file-option>] --get-colorbool <name> [<stdout-is-tty>]

Config file location
    --[no-]global         use global config file
    --[no-]system         use system config file
    --[no-]local          use repository config file
    --[no-]worktree       use per-worktree config file
    -f, --[no-]file <file>
                          use given config file
    --[no-]blob <blob-id> read config from given blob object

Action
    --get                 get value: name [<value-pattern>]
    --get-all             get all values: key [<value-pattern>]
    --get-regexp          get values for regexp: name-regex [<value-pattern>]
    --get-urlmatch        get value specific for the URL: section[.var] URL
    --replace-all         replace all matching variables: name value [<value-pattern>]
    --add                 add a new variable: name value
    --unset               remove a variable: name [<value-pattern>]
    --unset-all           remove all matches: name [<value-pattern>]
    --rename-section      rename section: old-name new-name
    --remove-section      remove a section: name
    -l, --list            list all
    -e, --edit            open an editor
    --get-color           find the color configured: slot [<default>]
    --get-colorbool       find the color setting: slot [<stdout-is-tty>]

Display options
    -z, --[no-]null       terminate values with NUL byte
    --[no-]name-only      show variable names only
    --[no-]show-origin    show origin of config (file, standard input, blob, command line)
    --[no-]show-scope     show scope of config (worktree, local, global, system, command)
    --[no-]show-names     show config keys in addition to their values

Type
    -t, --[no-]type <type>
                          value is given this type
    --bool                value is "true" or "false"
    --int                 value is decimal number
    --bool-or-int         value is --bool or --int
    --bool-or-str         value is --bool or string
    --path                value is a path (file or directory name)
    --expiry-date         value is an expiry date

Other
    --[no-]default <value>
                          with --get, use default value when missing entry
    --[no-]comment <value>
                          human-readable comment string (# will be prepended as needed)
    --[no-]fixed-value    use string equality when comparing values to value pattern
    --[no-]includes       respect include directives on lookup

PS C:\Users\Administrator> git init
Initialized empty Git repository in C:/Users/Administrator/.git/
PS C:\Users\Administrator> git add app.py
fatal: pathspec 'app.py' did not match any files
PS C:\Users\Administrator> git commit -m "First project: Number Guess Game"
warning: could not open directory 'Application Data/': Permission denied
warning: could not open directory 'Cookies/': Permission denied
warning: could not open directory 'Local Settings/': Permission denied
warning: could not open directory 'My Documents/': Permission denied
warning: could not open directory 'NetHood/': Permission denied
warning: could not open directory 'PrintHood/': Permission denied
warning: could not open directory 'Recent/': Permission denied
warning: could not open directory 'SendTo/': Permission denied
warning: could not open directory 'Start Menu/': Permission denied
warning: could not open directory 'Templates/': Permission denied
On branch master

Initial commit

Untracked files:
  (use "git add <file>..." to include in what will be committed)
        .gitconfig
        AppData/
        Contacts/
        Desktop/
        Documents/
        Downloads/
        Favorites/
        IntelGraphicsProfiles/
        Links/
        Music/
        NTUSER.DAT
        NTUSER.DAT{8bbceaf2-1833-11f0-9e15-ab432a315e67}.TM.blf
        NTUSER.DAT{8bbceaf2-1833-11f0-9e15-ab432a315e67}.TMContainer00000000000000000001.regtrans-ms
        NTUSER.DAT{8bbceaf2-1833-11f0-9e15-ab432a315e67}.TMContainer00000000000000000002.regtrans-ms
        OneDrive/
        Pictures/
        Saved Games/
        Searches/
        Videos/
        ntuser.dat.LOG1
        ntuser.dat.LOG2
        ntuser.ini
        number-guess/

nothing added to commit but untracked files present (use "git add" to track)
PS C:\Users\Administrator>
